--- TESTE 1: Apenas T├¡tulos ---
SUCESSO TESTE 1: Itens encontrados: 6

--- TESTE 2: Todos os campos exceto image ---
SUCESSO TESTE 2: Itens encontrados: 6

--- TESTE 3: Apenas campo image ---
ERRO TESTE 3: You don't have permission to access field "image" in collection "servicos" or it does not exist. Queried in root.
